     1                                 %line 1+1 sum_list.asm
     2                                 [section .data]
     3                                  EXIT_SUCCESS equ 0
     4                                  SYS_exit equ 60
     5 00000000 020000000100000003-     list dd 2, 1, 3, 4, 6, 5
     6 00000000 000000040000000600-
     7 00000000 000005000000       
     8 00000018 06000000                listSize dd 6
     9 0000001C 00000000                sumTot dd 0
    10 00000020 00000000                currNum dd 0
    11 00000024 00000000                max dd 0
    12 00000028 00000000                min dd 0
    13 0000002C 00000000                avg dd 0
    14                                 
    15                                 [section .text]
    16                                 [global _start]
    17                                 
    18                                 _start:
    19 00000000 48C7C3[00000000]        mov rbx, list
    20 00000007 48C7C600000000          mov rsi, 0
    21 0000000E 8B0C25[00000000]        mov ecx, dword [listSize]
    22 00000015 B800000000              mov eax, 0
    23                                 
    24 0000001A 8B13                    mov edx, dword [rbx]
    25 0000001C 891425[00000000]        mov dword [max], edx
    26 00000023 891425[00000000]        mov dword [min], edx
    27                                 loopSum:
    28                                 
    29 0000002A 0304B3                  add eax, dword [rbx+(rsi*4)]
    30                                 
    31 0000002D 8B14B3                  mov edx, dword [rbx+(rsi*4)]
    32 00000030 48FFC6                  inc rsi
    33 00000033 891425[00000000]        mov dword [currNum], edx
    34                                 
    35 0000003A 3B1425[00000000]        cmp edx, dword [max]
    36 00000041 7E1D                    jle notNewMax
    37 00000043 891425[00000000]        mov dword [max], edx
    38 0000004A E2DC                    loop loopSum
    39                                 
    40                                 
    41                                 
    42 0000004C 890425[00000000]        mov dword [sumTot], eax
    43                                 
    44 00000053 99                      cdq
    45 00000054 F73C25[00000000]        idiv dword [listSize]
    46 0000005B 890425[00000000]        mov dword [avg], eax
    47                                 
    48                                 notNewMax:
    49 00000062 8B1425[00000000]        mov edx, dword [min]
    50 00000069 EBBD                    jmp loopSum
    51                                 
    52                                 last:
    53 0000006B 48C7C03C000000          mov rax, SYS_exit
    54 00000072 48C7C700000000          mov rdi, EXIT_SUCCESS
    55 00000079 0F05                    syscall
    56                                 
